xmsim(64): 22.03-s012: (c) Copyright 1995-2023 Cadence Design Systems, Inc.
TOOL:	xmsim(64)	22.03-s012: Started on Jul 07, 2026 at 01:40:01 KST
xmsim
    -MESS
    tb_FSM1
    -gui

xmsim: *W,NOMTDGUI: Multi-Threaded Dumping is disabled for interactive debug mode.

-------------------------------------
Relinquished control to SimVision...
xcelium> 
xcelium> database -open waves -into waves.shm -default
Created default SHM database waves
xcelium> probe -create -shm tb_FSM1.ws tb_FSM1.rst_n tb_FSM1.rd tb_FSM1.go tb_FSM1.ds tb_FSM1.clk
Created probe 1
xcelium> run
Simulation complete via $finish(1) at time 500 NS + 0
./tb_FSM1.v:40 	#100; $finish;
xcelium> run -step
xmsim: *E,RNFNSH: Cannot continue simulation due to a previous $finish.
xcelium> probe -create -shm tb_FSM1.DUT.ws tb_FSM1.DUT.state tb_FSM1.DUT.rst_n tb_FSM1.DUT.rd tb_FSM1.DUT.next tb_FSM1.DUT.go tb_FSM1.DUT.ds tb_FSM1.DUT.clk
Created probe 2
xcelium> run
xmsim: *E,RNFNSH: Cannot continue simulation due to a previous $finish.
xcelium> ^C
xcelium> exit
TOOL:	xmsim(64)	22.03-s012: Exiting on Jul 07, 2026 at 01:43:11 KST  (total: 00:03:10)
