xmsim(64): 22.03-s012: (c) Copyright 1995-2023 Cadence Design Systems, Inc.
TOOL:	xmsim(64)	22.03-s012: Started on Jul 06, 2026 at 19:35:14 KST
xmsim
    -MESS
    tb_fdivider
    -gui

xmsim: *W,NOMTDGUI: Multi-Threaded Dumping is disabled for interactive debug mode.

-------------------------------------
Relinquished control to SimVision...
xcelium> 
xcelium> database -open waves -into waves.shm -default
Created default SHM database waves
xcelium> probe -create -shm tb_fdivider.clk_in tb_fdivider.o_clk_out tb_fdivider.rst_n
Created probe 1
xcelium> run 10
Time=5000, clk_in=1, clk_out=0
Ran until 10 NS + 0
xcelium> run -step
Stepped to 10 NS + 0
xcelium> ^C
xcelium> exit
TOOL:	xmsim(64)	22.03-s012: Exiting on Jul 06, 2026 at 19:42:36 KST  (total: 00:07:22)
