xmsim(64): 22.03-s012: (c) Copyright 1995-2023 Cadence Design Systems, Inc.
TOOL:	xmsim(64)	22.03-s012: Started on Jul 02, 2026 at 01:49:13 KST
xmsim
    -MESS
    tb_d_latch
    -gui

xmsim: *W,NOMTDGUI: Multi-Threaded Dumping is disabled for interactive debug mode.

-------------------------------------
Relinquished control to SimVision...
xcelium> 
xcelium> database -open waves -into waves.shm -default
Created default SHM database waves
xcelium> probe -create -shm tb_d_latch.clk tb_d_latch.i_d tb_d_latch.o_q
Created probe 1
xcelium> run
Simulation complete via $finish(1) at time 130 NS + 0
./tb_d_latch.v:30     #50; $finish;
xcelium> ^C
xcelium> exit
TOOL:	xmsim(64)	22.03-s012: Exiting on Jul 02, 2026 at 01:50:54 KST  (total: 00:01:41)
