============================================================
  Generated by:           Genus(TM) Synthesis Solution 22.17-s071_1
  Generated on:           Aug 18 2026  09:55:36 am
  Module:                 _4_BIT_SHIFT_REGISTER
  Operating conditions:   PVT_0P9V_125C (balanced_tree)
  Wireload mode:          enclosed
  Area mode:              timing library
============================================================


Path 1: MET (9230 ps) Setup Check with Pin o_q_reg[3]/CK->D
          Group: clk
     Startpoint: (R) state_reg[1]/CK
          Clock: (R) clk
       Endpoint: (R) o_q_reg[3]/D
          Clock: (R) clk

                     Capture       Launch     
        Clock Edge:+   10000            0     
       Src Latency:+       0            0     
       Net Latency:+       0 (I)        0 (I) 
           Arrival:=   10000            0     
                                              
             Setup:-     119                  
       Uncertainty:-      10                  
     Required Time:=    9871                  
      Launch Clock:-       0                  
         Data Path:-     641                  
             Slack:=    9230                  

#----------------------------------------------------------------------------------------
#  Timing Point   Flags   Arc   Edge   Cell     Fanout Load Trans Delay Arrival Instance 
#                                                      (fF)  (ps)  (ps)   (ps)  Location 
#----------------------------------------------------------------------------------------
  state_reg[1]/CK -       -     R     (arrival)      6    -   100     0       0    (-,-) 
  state_reg[1]/Q  -       CK->Q R     DFFRHQX1       4  1.4    43   294     294    (-,-) 
  g475__7098/Y    -       AN->Y R     NOR2BX1        4  1.6    99   129     424    (-,-) 
  g469__3680/Y    -       A0->Y F     AOI22X1        1  0.3   100   142     566    (-,-) 
  g463__6260/Y    -       C0->Y R     OAI211X1       1  0.3    79    75     641    (-,-) 
  o_q_reg[3]/D    <<<     -     R     DFFRHQX1       1    -     -     0     641    (-,-) 
#----------------------------------------------------------------------------------------

