============================================================
  Generated by:           Genus(TM) Synthesis Solution 22.17-s071_1
  Generated on:           Aug 18 2026  09:55:37 am
  Module:                 _4_BIT_SHIFT_REGISTER
  Operating conditions:   PVT_0P9V_125C (balanced_tree)
  Wireload mode:          enclosed
  Area mode:              timing library
============================================================

Timing
--------

Clock  Period 
--------------
clk   10000.0 


  Cost    Critical         Violating 
 Group   Path Slack  TNS     Paths   
-------------------------------------
clk          9230.2   0.0          0 
default    No paths   0.0            
-------------------------------------
Total                 0.0          0 

Instance Count
--------------
Leaf Instance Count             26 
Physical Instance count          0 
Sequential Instance Count        6 
Combinational Instance Count    20 
Hierarchical Instance Count      0 

Area
----
Cell Area                          63.612
Physical Cell Area                 0.000
Total Cell Area (Cell+Physical)    63.612
Net Area                           0.000
Total Area (Cell+Physical+Net)     63.612

Max Fanout                         6 (clk)
Min Fanout                         0 (clr_n)
Average Fanout                     1.9
Terms to net ratio                 2.6667
Terms to instance ratio            3.6923
Runtime                            18.791225 seconds
Elapsed Runtime                    21 seconds
Genus peak memory usage            1774.91 
Innovus peak memory usage          no_value 
Hostname                           localhost
